>>> matrix_divided = __import__('2-matrix_divided').matrix_divided
>>> matrix = [[1, 2, 3,], [4, 5, 6]]

>>> print(matrix)
[[1, 2, 3], [4, 5, 6]]

>>> print(matrix_divided(matrix, 0))
Traceback (most recent call last):
  File "<stdin>", line 1, in <module>
  File "/home/vagrant/holbertonschool-higher_level_programming/0x07-python-test_driven_development/2-matrix_divided.py", line 29, in matrix_divided
    raise ZeroDivisionError('division by zero')
ZeroDivisionError: division by zero

>>> print(matrix_divided(matrix, 1))
[[1.0, 2.0, 3.0], [4.0, 5.0, 6.0]]

>>> print(matrix_divided(matrix, -1))
[[-1.0, -2.0, -3.0], [-4.0, -5.0, -6.0]]

>>> print(matrix_divided(matrix, "char"))
Traceback (most recent call last):
  File "<stdin>", line 1, in <module>
  File "/home/vagrant/holbertonschool-higher_level_programming/0x07-python-test_driven_development/2-matrix_divided.py", line 26, in matrix_divided
    raise TypeError('div must be a number')
TypeError: div must be a number

>>> print(matrix_divided(matrix, 1.01))
[[0.99, 1.98, 2.97], [3.96, 4.95, 5.94]]

>>> print(matrix_divided(None, 2))
Traceback (most recent call last):
  File "<stdin>", line 1, in <module>
  File "/home/vagrant/holbertonschool-higher_level_programming/0x07-python-test_driven_development/2-matrix_divided.py", line 12, in matrix_divided
    if not isinstance(matrix[0], list):
TypeError: 'NoneType' object is not subscriptable

>>> print(matrix_divided())
Traceback (most recent call last):
  File "<stdin>", line 1, in <module>
TypeError: matrix_divided() missing 2 required positional arguments: 'matrix' and 'div'

>>> print(matrix_divided(matrix, 1, "char"))
Traceback (most recent call last):
  File "<stdin>", line 1, in <module>
TypeError: matrix_divided() takes 2 positional arguments but 3 were given

>>> matrix = [[3, "9"], [15, 3]]
>>> print(matrix_divided([[3, “9”], [15, 3]] / 3 ))
Traceback (most recent call last):
  File "<stdin>", line 1, in <module>
  File "/home/vagrant/holbertonschool-higher_level_programming/0x07-python-test_driven_development/2-matrix_divided.py", line 23, in matrix_divided
    integers/floats')
TypeError: matrix must be a matrix (list of lists) of integers/floats
